../ThirdParty/FreeRTOS/timers.c:224:14:vApplicationGetTimerTaskMemory	24	static
../ThirdParty/FreeRTOS/timers.c:247:16:xTimerCreateTimerTask	24	static,ignoring_inline_asm
../ThirdParty/FreeRTOS/timers.c:302:23:xTimerCreate	40	static
../ThirdParty/FreeRTOS/timers.c:369:17:prvInitialiseNewTimer	32	static,ignoring_inline_asm
../ThirdParty/FreeRTOS/timers.c:403:16:xTimerGenericCommand	48	static,ignoring_inline_asm
../ThirdParty/FreeRTOS/timers.c:450:18:xTimerGetTimerDaemonTaskHandle	16	static,ignoring_inline_asm
../ThirdParty/FreeRTOS/timers.c:459:16:xTimerGetPeriod	24	static,ignoring_inline_asm
../ThirdParty/FreeRTOS/timers.c:468:10:vTimerSetReloadMode	24	static,ignoring_inline_asm
../ThirdParty/FreeRTOS/timers.c:489:17:uxTimerGetReloadMode	32	static,ignoring_inline_asm
../ThirdParty/FreeRTOS/timers.c:514:16:xTimerGetExpiryTime	32	static,ignoring_inline_asm
../ThirdParty/FreeRTOS/timers.c:525:18:pcTimerGetName	24	static,ignoring_inline_asm
../ThirdParty/FreeRTOS/timers.c:534:17:prvProcessExpiredTimer	40	static,ignoring_inline_asm
../ThirdParty/FreeRTOS/timers.c:577:12:prvTimerTask	24	static
../ThirdParty/FreeRTOS/timers.c:613:17:prvProcessTimerOrBlockTask	24	static,ignoring_inline_asm
../ThirdParty/FreeRTOS/timers.c:675:23:prvGetNextExpireTime	24	static
../ThirdParty/FreeRTOS/timers.c:702:23:prvSampleTimeNow	24	static
../ThirdParty/FreeRTOS/timers.c:725:23:prvInsertTimerInActiveList	32	static
../ThirdParty/FreeRTOS/timers.c:769:17:prvProcessReceivedCommands	56	static,ignoring_inline_asm
../ThirdParty/FreeRTOS/timers.c:919:17:prvSwitchTimerLists	40	static,ignoring_inline_asm
../ThirdParty/FreeRTOS/timers.c:979:17:prvCheckForValidListAndQueue	8	static
../ThirdParty/FreeRTOS/timers.c:1030:16:xTimerIsTimerActive	32	static,ignoring_inline_asm
../ThirdParty/FreeRTOS/timers.c:1055:12:pvTimerGetTimerID	32	static,ignoring_inline_asm
../ThirdParty/FreeRTOS/timers.c:1072:10:vTimerSetTimerID	24	static,ignoring_inline_asm
../ThirdParty/FreeRTOS/timers.c:1148:21:uxTimerGetTimerNumber	16	static
../ThirdParty/FreeRTOS/timers.c:1158:14:vTimerSetTimerNumber	16	static
